---
source: py2o2/src/parser/stmt.rs
expression: "import_from(\"from numpy import array\").finish().unwrap()"
---
(
    "",
    ImportFrom {
        module: Identifier {
            components: [
                "numpy",
            ],
        },
        names: [
            Alias {
                name: Identifier {
                    components: [
                        "array",
                    ],
                },
                asname: None,
            },
        ],
    },
)
