---
source: py2o2/src/parser/stmt.rs
expression: "function_def(r#\"\n            def g(x: int) -> str:\n                ...\n            \"#.trim()).finish().unwrap()"
---
(
    "",
    FunctionDef {
        name: Identifier {
            components: [
                "g",
            ],
        },
        args: [
            Arg {
                name: Identifier {
                    components: [
                        "x",
                    ],
                },
                ty: Some(
                    Name(
                        Identifier {
                            components: [
                                "int",
                            ],
                        },
                    ),
                ),
                default: None,
            },
        ],
        type_: Name(
            Identifier {
                components: [
                    "str",
                ],
            },
        ),
    },
)
