---
source: py2o2/src/parser/expr.rs
expression: "expr(\"f(1).g.h(2, 3)\").finish().unwrap()"
---
(
    "",
    Call {
        func: Attribute {
            value: Attribute {
                value: Call {
                    func: Name {
                        id: "f",
                    },
                    args: [
                        Constant {
                            value: Float(
                                1.0,
                            ),
                        },
                    ],
                },
                attr: "g",
            },
            attr: "h",
        },
        args: [
            Constant {
                value: Float(
                    2.0,
                ),
            },
            Constant {
                value: Float(
                    3.0,
                ),
            },
        ],
    },
)
