---
source: py2o2/src/parser/expr.rs
expression: "expr(\"sys.version_info >= (3, 9)\").finish().unwrap()"
---
(
    "",
    Compare {
        left: Attribute {
            value: Name {
                id: "sys",
            },
            attr: "version_info",
        },
        ops: GtE,
        comparators: Tuple {
            elts: [
                Constant {
                    value: Float(
                        3.0,
                    ),
                },
                Constant {
                    value: Float(
                        9.0,
                    ),
                },
            ],
        },
    },
)
