---
source: py2o2/src/parser.rs
expression: "import(\"import numpy, pandas\").finish().unwrap()"
---
(
    "",
    Import {
        components: [
            ImportComponent {
                name: "numpy",
                alias: None,
            },
            ImportComponent {
                name: "pandas",
                alias: None,
            },
        ],
    },
)
