---
source: py2o2/src/parser.rs
expression: "import(\"import numpy, pandas\").finish().unwrap()"
---
(
    "",
    Import {
        components: [
            ImportComponent {
                name: Path {
                    components: [
                        "numpy",
                    ],
                },
                alias: None,
            },
            ImportComponent {
                name: Path {
                    components: [
                        "pandas",
                    ],
                },
                alias: None,
            },
        ],
    },
)
